Reading netlist file: "/home/clar/Sistem_Programlama_Proje/son_proje/fpga/impl/gwsynthesis/rv32i_tangnano9k.vg"
Parsing netlist file "/home/clar/Sistem_Programlama_Proje/son_proje/fpga/impl/gwsynthesis/rv32i_tangnano9k.vg" completed
Processing netlist completed
Reading constraint file: "/home/clar/Sistem_Programlama_Proje/son_proje/fpga/src/tangnano9k.cst"
Physical Constraint parsed completed
Running placement......
[10%] Placement Phase 0 completed
[20%] Placement Phase 1 completed
[30%] Placement Phase 2 completed
WARN  (TA1132) :  'clk_27mhz' was determined to be a clock but was not created.
[50%] Placement Phase 3 completed
Running routing......
[60%] Routing Phase 0 completed
[70%] Routing Phase 1 completed
[80%] Routing Phase 2 completed
[90%] Routing Phase 3 completed
Running timing analysis......
[95%] Timing analysis completed
Placement and routing completed
Bitstream generation in progress......
Bitstream generation completed
Running power analysis......
[100%] Power analysis completed
Generate file "/home/clar/Sistem_Programlama_Proje/son_proje/fpga/impl/pnr/rv32i_tangnano9k.power.html" completed
Generate file "/home/clar/Sistem_Programlama_Proje/son_proje/fpga/impl/pnr/rv32i_tangnano9k.pin.html" completed
Generate file "/home/clar/Sistem_Programlama_Proje/son_proje/fpga/impl/pnr/rv32i_tangnano9k.rpt.html" completed
Generate file "/home/clar/Sistem_Programlama_Proje/son_proje/fpga/impl/pnr/rv32i_tangnano9k.rpt.txt" completed
Generate file "/home/clar/Sistem_Programlama_Proje/son_proje/fpga/impl/pnr/rv32i_tangnano9k.tr.html" completed
Sun May 10 19:19:55 2026

