Reading netlist file: "/home/clar/Sistem Programlama Proje/picorv32_assembler_project_bundle_v2/picorv32_assembler_project/impl/gwsynthesis/project.vg"
Parsing netlist file "/home/clar/Sistem Programlama Proje/picorv32_assembler_project_bundle_v2/picorv32_assembler_project/impl/gwsynthesis/project.vg" completed
Processing netlist completed
Reading constraint file: "/home/clar/Sistem Programlama Proje/picorv32_assembler_project_bundle_v2/picorv32_assembler_project/fpga/constraints/tangnano9k.cst"
Physical Constraint parsed completed
Running placement......
[10%] Placement Phase 0 completed
[20%] Placement Phase 1 completed
[30%] Placement Phase 2 completed
WARN  (TA1132) :  'clk_27mhz' was determined to be a clock but was not created.
[50%] Placement Phase 3 completed
Running routing......
[60%] Routing Phase 0 completed
[70%] Routing Phase 1 completed
[80%] Routing Phase 2 completed
[90%] Routing Phase 3 completed
Running timing analysis......
[95%] Timing analysis completed
Placement and routing completed
Bitstream generation in progress......
Bitstream generation completed
Running power analysis......
[100%] Power analysis completed
Generate file "/home/clar/Sistem Programlama Proje/picorv32_assembler_project_bundle_v2/picorv32_assembler_project/impl/pnr/project.power.html" completed
Generate file "/home/clar/Sistem Programlama Proje/picorv32_assembler_project_bundle_v2/picorv32_assembler_project/impl/pnr/project.pin.html" completed
Generate file "/home/clar/Sistem Programlama Proje/picorv32_assembler_project_bundle_v2/picorv32_assembler_project/impl/pnr/project.rpt.html" completed
Generate file "/home/clar/Sistem Programlama Proje/picorv32_assembler_project_bundle_v2/picorv32_assembler_project/impl/pnr/project.rpt.txt" completed
Generate file "/home/clar/Sistem Programlama Proje/picorv32_assembler_project_bundle_v2/picorv32_assembler_project/impl/pnr/project.tr.html" completed
Thu May  7 17:05:42 2026

